Archive member included to satisfy reference by file (symbol)

c:/nxp/s32ds.3.4/s32ds/build_tools/gcc_v6.3/gcc-6.3-arm32-eabi/bin/../lib/gcc/arm-none-eabi/6.3.1/thumb/v7e-m\libgcc.a(_arm_addsubdf3.o)
                              ./CAR_dbc/mazda_cx5.o (__aeabi_dsub)
c:/nxp/s32ds.3.4/s32ds/build_tools/gcc_v6.3/gcc-6.3-arm32-eabi/bin/../lib/gcc/arm-none-eabi/6.3.1/thumb/v7e-m\libgcc.a(_arm_muldivdf3.o)
                              ./CAR_dbc/honda_crv.o (__aeabi_dmul)
c:/nxp/s32ds.3.4/s32ds/build_tools/gcc_v6.3/gcc-6.3-arm32-eabi/bin/../lib/gcc/arm-none-eabi/6.3.1/thumb/v7e-m\libgcc.a(_arm_fixunsdfsi.o)
                              ./CAR_dbc/honda_crv.o (__aeabi_d2uiz)
c:/nxp/s32ds.3.4/s32ds/build_tools/gcc_v6.3/gcc-6.3-arm32-eabi/bin/../lib/gcc/arm-none-eabi/6.3.1/thumb/v7e-m\libgcc.a(_arm_truncdfsf2.o)
                              ./CAR_dbc/mazda_cx5.o (__aeabi_d2f)
C:/NXP/S32DS.3.4/S32DS/build_tools/gcc_v6.3/gcc-6.3-arm32-eabi/arm-none-eabi/newlib/lib/thumb/v7e-m\libc.a(lib_a-exit.o)
                              C:/NXP/S32DS.3.4/S32DS/build_tools/gcc_v6.3/gcc-6.3-arm32-eabi/arm-none-eabi/newlib/lib/thumb/v7e-m/crt0.o (exit)
C:/NXP/S32DS.3.4/S32DS/build_tools/gcc_v6.3/gcc-6.3-arm32-eabi/arm-none-eabi/newlib/lib/thumb/v7e-m\libc.a(lib_a-impure.o)
                              C:/NXP/S32DS.3.4/S32DS/build_tools/gcc_v6.3/gcc-6.3-arm32-eabi/arm-none-eabi/newlib/lib/thumb/v7e-m\libc.a(lib_a-exit.o) (_global_impure_ptr)
C:/NXP/S32DS.3.4/S32DS/build_tools/gcc_v6.3/gcc-6.3-arm32-eabi/arm-none-eabi/newlib/lib/thumb/v7e-m\libc.a(lib_a-init.o)
                              C:/NXP/S32DS.3.4/S32DS/build_tools/gcc_v6.3/gcc-6.3-arm32-eabi/arm-none-eabi/newlib/lib/thumb/v7e-m/crt0.o (__libc_init_array)
C:/NXP/S32DS.3.4/S32DS/build_tools/gcc_v6.3/gcc-6.3-arm32-eabi/arm-none-eabi/newlib/lib/thumb/v7e-m\libc.a(lib_a-memset.o)
                              C:/NXP/S32DS.3.4/S32DS/build_tools/gcc_v6.3/gcc-6.3-arm32-eabi/arm-none-eabi/newlib/lib/thumb/v7e-m/crt0.o (memset)
C:/NXP/S32DS.3.4/S32DS/build_tools/gcc_v6.3/gcc-6.3-arm32-eabi/arm-none-eabi/newlib/lib/thumb/v7e-m\libc.a(lib_a-sprintf.o)
                              ./CAR_dbc/honda_civic.o (sprintf)
C:/NXP/S32DS.3.4/S32DS/build_tools/gcc_v6.3/gcc-6.3-arm32-eabi/arm-none-eabi/newlib/lib/thumb/v7e-m\libc.a(lib_a-sscanf.o)
                              ./src/main.o (sscanf)
C:/NXP/S32DS.3.4/S32DS/build_tools/gcc_v6.3/gcc-6.3-arm32-eabi/arm-none-eabi/newlib/lib/thumb/v7e-m\libc.a(lib_a-stdio.o)
                              C:/NXP/S32DS.3.4/S32DS/build_tools/gcc_v6.3/gcc-6.3-arm32-eabi/arm-none-eabi/newlib/lib/thumb/v7e-m\libc.a(lib_a-sscanf.o) (__seofread)
C:/NXP/S32DS.3.4/S32DS/build_tools/gcc_v6.3/gcc-6.3-arm32-eabi/arm-none-eabi/newlib/lib/thumb/v7e-m\libc.a(lib_a-strlen.o)
                              C:/NXP/S32DS.3.4/S32DS/build_tools/gcc_v6.3/gcc-6.3-arm32-eabi/arm-none-eabi/newlib/lib/thumb/v7e-m\libc.a(lib_a-sscanf.o) (strlen)
C:/NXP/S32DS.3.4/S32DS/build_tools/gcc_v6.3/gcc-6.3-arm32-eabi/arm-none-eabi/newlib/lib/thumb/v7e-m\libc.a(lib_a-svfprintf.o)
                              C:/NXP/S32DS.3.4/S32DS/build_tools/gcc_v6.3/gcc-6.3-arm32-eabi/arm-none-eabi/newlib/lib/thumb/v7e-m\libc.a(lib_a-sprintf.o) (_svfprintf_r)
C:/NXP/S32DS.3.4/S32DS/build_tools/gcc_v6.3/gcc-6.3-arm32-eabi/arm-none-eabi/newlib/lib/thumb/v7e-m\libc.a(lib_a-svfscanf.o)
                              C:/NXP/S32DS.3.4/S32DS/build_tools/gcc_v6.3/gcc-6.3-arm32-eabi/arm-none-eabi/newlib/lib/thumb/v7e-m\libc.a(lib_a-sscanf.o) (__ssvfscanf_r)
C:/NXP/S32DS.3.4/S32DS/build_tools/gcc_v6.3/gcc-6.3-arm32-eabi/arm-none-eabi/newlib/lib/thumb/v7e-m\libc.a(lib_a-writer.o)
                              C:/NXP/S32DS.3.4/S32DS/build_tools/gcc_v6.3/gcc-6.3-arm32-eabi/arm-none-eabi/newlib/lib/thumb/v7e-m\libc.a(lib_a-stdio.o) (_write_r)
C:/NXP/S32DS.3.4/S32DS/build_tools/gcc_v6.3/gcc-6.3-arm32-eabi/arm-none-eabi/newlib/lib/thumb/v7e-m\libc.a(lib_a-__call_atexit.o)
                              C:/NXP/S32DS.3.4/S32DS/build_tools/gcc_v6.3/gcc-6.3-arm32-eabi/arm-none-eabi/newlib/lib/thumb/v7e-m\libc.a(lib_a-exit.o) (__call_exitprocs)
C:/NXP/S32DS.3.4/S32DS/build_tools/gcc_v6.3/gcc-6.3-arm32-eabi/arm-none-eabi/newlib/lib/thumb/v7e-m\libc.a(lib_a-closer.o)
                              C:/NXP/S32DS.3.4/S32DS/build_tools/gcc_v6.3/gcc-6.3-arm32-eabi/arm-none-eabi/newlib/lib/thumb/v7e-m\libc.a(lib_a-stdio.o) (_close_r)
C:/NXP/S32DS.3.4/S32DS/build_tools/gcc_v6.3/gcc-6.3-arm32-eabi/arm-none-eabi/newlib/lib/thumb/v7e-m\libc.a(lib_a-dtoa.o)
                              C:/NXP/S32DS.3.4/S32DS/build_tools/gcc_v6.3/gcc-6.3-arm32-eabi/arm-none-eabi/newlib/lib/thumb/v7e-m\libc.a(lib_a-svfprintf.o) (_dtoa_r)
C:/NXP/S32DS.3.4/S32DS/build_tools/gcc_v6.3/gcc-6.3-arm32-eabi/arm-none-eabi/newlib/lib/thumb/v7e-m\libc.a(lib_a-fini.o)
                              C:/NXP/S32DS.3.4/S32DS/build_tools/gcc_v6.3/gcc-6.3-arm32-eabi/arm-none-eabi/newlib/lib/thumb/v7e-m\libc.a(lib_a-__call_atexit.o) (__libc_fini_array)
[...]
Memory Configuration

Name             Origin             Length             Attributes
m_interrupts     0x1fff8000         0x00000400         xr
m_text           0x1fff8400         0x00007c00         xr
m_data           0x20000000         0x00007000         rw
*default*        0x00000000         0xffffffff

Linker script and memory map

LOAD c:/nxp/s32ds.3.4/s32ds/build_tools/gcc_v6.3/gcc-6.3-arm32-eabi/bin/../lib/gcc/arm-none-eabi/6.3.1/thumb/v7e-m/crti.o
LOAD c:/nxp/s32ds.3.4/s32ds/build_tools/gcc_v6.3/gcc-6.3-arm32-eabi/bin/../lib/gcc/arm-none-eabi/6.3.1/thumb/v7e-m/crtbegin.o
LOAD C:/NXP/S32DS.3.4/S32DS/build_tools/gcc_v6.3/gcc-6.3-arm32-eabi/arm-none-eabi/newlib/lib/thumb/v7e-m/crt0.o
LOAD ./CAR_dbc/honda_civic.o
LOAD ./CAR_dbc/honda_crv.o
LOAD ./CAR_dbc/huynhdai_elantra.o
LOAD ./CAR_dbc/mazda_cx5.o
LOAD ./Driver/CAN/Can.o
LOAD ./Driver/CAN/Can_Cfg.o
LOAD ./Driver/Clock/clocks_and_modes.o
LOAD ./Driver/GPIO/gpio.o
LOAD ./Driver/LPUART/lpuart.o
LOAD ./Driver/NVIC/nvic.o
LOAD ./Driver/PCC/pcc.o
LOAD ./Driver/PORT/port.o
LOAD ./Project_Settings/Startup_Code/startup.o
LOAD ./Project_Settings/Startup_Code/startup_S32K144.o
LOAD ./Project_Settings/Startup_Code/system_S32K144.o
LOAD ./src/main.o
START GROUP
LOAD c:/nxp/s32ds.3.4/s32ds/build_tools/gcc_v6.3/gcc-6.3-arm32-eabi/bin/../lib/gcc/arm-none-eabi/6.3.1/thumb/v7e-m\libgcc.a
LOAD C:/NXP/S32DS.3.4/S32DS/build_tools/gcc_v6.3/gcc-6.3-arm32-eabi/arm-none-eabi/newlib/lib/thumb/v7e-m\libc.a
END GROUP
START GROUP
LOAD c:/nxp/s32ds.3.4/s32ds/build_tools/gcc_v6.3/gcc-6.3-arm32-eabi/bin/../lib/gcc/arm-none-eabi/6.3.1/thumb/v7e-m\libgcc.a
LOAD C:/NXP/S32DS.3.4/S32DS/build_tools/gcc_v6.3/gcc-6.3-arm32-eabi/arm-none-eabi/newlib/lib/thumb/v7e-m\libc.a
LOAD C:/NXP/S32DS.3.4/S32DS/build_tools/gcc_v6.3/gcc-6.3-arm32-eabi/arm-none-eabi/newlib/lib/thumb/v7e-m\libnosys.a
END GROUP
LOAD c:/nxp/s32ds.3.4/s32ds/build_tools/gcc_v6.3/gcc-6.3-arm32-eabi/bin/../lib/gcc/arm-none-eabi/6.3.1/thumb/v7e-m/crtend.o
LOAD c:/nxp/s32ds.3.4/s32ds/build_tools/gcc_v6.3/gcc-6.3-arm32-eabi/bin/../lib/gcc/arm-none-eabi/6.3.1/thumb/v7e-m/crtn.o
                0x00000400                HEAP_SIZE = DEFINED (__heap_size__)?__heap_size__:0x400
                0x00000400                STACK_SIZE = DEFINED (__stack_size__)?__stack_size__:0x400

.interrupts     0x1fff8000      0x400
                0x1fff8000                __VECTOR_TABLE = .
                0x1fff8000                __interrupts_start__ = .
                0x1fff8000                . = ALIGN (0x4)
 *(.isr_vector)
 .isr_vector    0x1fff8000      0x400 ./Project_Settings/Startup_Code/startup_S32K144.o
                0x1fff8000                __isr_vector
                0x1fff8400                __interrupts_end__ = .
                0x1fff8400                . = ALIGN (0x4)
                0x1fff8000                __VECTOR_RAM = __VECTOR_TABLE
                0x00000000                __RAM_VECTOR_TABLE_SIZE = 0x0

.text           0x1fff8400     0x5158
                0x1fff8400                . = ALIGN (0x4)
 *(.text)
 .text          0x1fff8400       0xa4 c:/nxp/s32ds.3.4/s32ds/build_tools/gcc_v6.3/gcc-6.3-arm32-eabi/bin/../lib/gcc/arm-none-eabi/6.3.1/thumb/v7e-m/crtbegin.o
 .text          0x1fff84a4       0x74 C:/NXP/S32DS.3.4/S32DS/build_tools/gcc_v6.3/gcc-6.3-arm32-eabi/arm-none-eabi/newlib/lib/thumb/v7e-m/crt0.o
                0x1fff84a4                _start
                0x1fff84a4                _mainCRTStartup
 .text          0x1fff8518       0x4c ./Project_Settings/Startup_Code/startup_S32K144.o
                0x1fff8518                Reset_Handler
                0x1fff8560                DebugMon_Handler
                0x1fff8560                Reserved88_IRQHandler
                0x1fff8560                CAN0_ORed_IRQHandler
                0x1fff8560                HardFault_Handler
                0x1fff8560                Reserved86_IRQHandler
                0x1fff8560                Reserved103_IRQHandler
                0x1fff8560                SysTick_Handler
                0x1fff8560                FTM2_Ovf_Reload_IRQHandler
                0x1fff8560                Reserved50_IRQHandler
                0x1fff8560                FTFC_Fault_IRQHandler
                0x1fff8560                FTM0_Ch6_Ch7_IRQHandler
                0x1fff8560                Reserved114_IRQHandler
                0x1fff8560                PendSV_Handler
                0x1fff8560                NMI_Handler
                0x1fff8560                Reserved89_IRQHandler
                0x1fff8560                ERM_double_fault_IRQHandler
                0x1fff8560                DMA2_IRQHandler
                0x1fff8560                Reserved59_IRQHandler
                0x1fff8560                LPIT0_Ch0_IRQHandler
                0x1fff8560                Reserved99_IRQHandler
                0x1fff8560                FTM3_Ch6_Ch7_IRQHandler
                0x1fff8560                CAN2_ORed_0_15_MB_IRQHandler
                0x1fff8560                LPIT0_Ch3_IRQHandler
                0x1fff8560                Reserved92_IRQHandler
                0x1fff8560                FTM0_Ch4_Ch5_IRQHandler
                0x1fff8560                CAN1_Error_IRQHandler
                0x1fff8560                FTM3_Ch0_Ch1_IRQHandler
                0x1fff8560                SWI_IRQHandler
                0x1fff8560                ADC0_IRQHandler
                0x1fff8560                FTM2_Ch4_Ch5_IRQHandler
                0x1fff8560                UsageFault_Handler
                0x1fff8560                FTM0_Ovf_Reload_IRQHandler
                0x1fff8560                DefaultISR
                0x1fff8560                DMA9_IRQHandler
                0x1fff8560                Reserved58_IRQHandler
                0x1fff8560                CAN1_ORed_0_15_MB_IRQHandler
                0x1fff8560                FTM1_Ch2_Ch3_IRQHandler
                0x1fff8560                DMA14_IRQHandler
                0x1fff8560                Reserved82_IRQHandler
                0x1fff8560                CAN0_ORed_16_31_MB_IRQHandler
                0x1fff8560                LPI2C0_Slave_IRQHandler
                0x1fff8560                Reserved71_IRQHandler
                0x1fff8560                PORTD_IRQHandler
                0x1fff8560                Reserved69_IRQHandler
                0x1fff8560                PORTB_IRQHandler
                0x1fff8560                Reserved70_IRQHandler
                0x1fff8560                ADC1_IRQHandler
                0x1fff8560                FTM2_Ch2_Ch3_IRQHandler
                0x1fff8560                Reserved53_IRQHandler
                0x1fff8560                DMA5_IRQHandler
                0x1fff8560                RTC_IRQHandler
                0x1fff8560                PDB0_IRQHandler
                0x1fff8560                Reserved54_IRQHandler
                0x1fff8560                FTM2_Ch6_Ch7_IRQHandler
                0x1fff8560                FTM3_Ch2_Ch3_IRQHandler
                0x1fff8560                FTM2_Ch0_Ch1_IRQHandler
                0x1fff8560                LPSPI1_IRQHandler
                0x1fff8560                RTC_Seconds_IRQHandler
                0x1fff8560                CAN2_ORed_IRQHandler
                0x1fff8560                Reserved72_IRQHandler
                0x1fff8560                Reserved110_IRQHandler
                0x1fff8560                DMA11_IRQHandler
                0x1fff8560                Reserved107_IRQHandler
                0x1fff8560                Read_Collision_IRQHandler
                0x1fff8560                CAN2_Error_IRQHandler
                0x1fff8560                FTFC_IRQHandler
                0x1fff8560                DMA7_IRQHandler
                0x1fff8560                FTM1_Ch6_Ch7_IRQHandler
                0x1fff8560                Reserved105_IRQHandler
                0x1fff8560                LPIT0_Ch1_IRQHandler
                0x1fff8560                FTM1_Ch4_Ch5_IRQHandler
                0x1fff8560                FTM3_Ovf_Reload_IRQHandler
                0x1fff8560                LPUART2_RxTx_IRQHandler
                0x1fff8560                LPSPI0_IRQHandler
                0x1fff8560                WDOG_EWM_IRQHandler
                0x1fff8560                MemManage_Handler
                0x1fff8560                Reserved90_IRQHandler
                0x1fff8560                Reserved83_IRQHandler
                0x1fff8560                FTM0_Fault_IRQHandler
                0x1fff8560                Reserved48_IRQHandler
                0x1fff8560                SVC_Handler
                0x1fff8560                ERM_single_fault_IRQHandler
                0x1fff8560                FTM2_Fault_IRQHandler
                0x1fff8560                FTM0_Ch2_Ch3_IRQHandler
                0x1fff8560                DMA13_IRQHandler
                0x1fff8560                FTM0_Ch0_Ch1_IRQHandler
                0x1fff8560                FTM3_Fault_IRQHandler
                0x1fff8560                RCM_IRQHandler
                0x1fff8560                DMA3_IRQHandler
                0x1fff8560                Reserved100_IRQHandler
                0x1fff8560                DMA0_IRQHandler
                0x1fff8560                Reserved91_IRQHandler
                0x1fff8560                CAN1_ORed_IRQHandler
                0x1fff8560                DMA15_IRQHandler
                0x1fff8560                SCG_IRQHandler
                0x1fff8560                PDB1_IRQHandler
                0x1fff8560                Reserved81_IRQHandler
                0x1fff8560                Reserved46_IRQHandler
                0x1fff8560                Reserved45_IRQHandler
                0x1fff8560                CAN0_Error_IRQHandler
                0x1fff8560                Reserved112_IRQHandler
                0x1fff8560                LPI2C0_Master_IRQHandler
                0x1fff8560                DMA4_IRQHandler
                0x1fff8560                FTM1_Fault_IRQHandler
                0x1fff8560                Reserved106_IRQHandler
                0x1fff8560                DMA_Error_IRQHandler
                0x1fff8560                LVD_LVW_IRQHandler
                0x1fff8560                LPIT0_Ch2_IRQHandler
                0x1fff8560                PORTA_IRQHandler
                0x1fff8560                MCM_IRQHandler
                0x1fff8560                LPSPI2_IRQHandler
                0x1fff8560                DMA12_IRQHandler
                0x1fff8560                FTM3_Ch4_Ch5_IRQHandler
                0x1fff8560                PORTE_IRQHandler
                0x1fff8560                LPUART0_RxTx_IRQHandler
                0x1fff8560                LPTMR0_IRQHandler
                0x1fff8560                BusFault_Handler
                0x1fff8560                Reserved87_IRQHandler
                0x1fff8560                FTM1_Ovf_Reload_IRQHandler
                0x1fff8560                DMA8_IRQHandler
                0x1fff8560                Reserved93_IRQHandler
                0x1fff8560                DMA10_IRQHandler
                0x1fff8560                CAN0_Wake_Up_IRQHandler
                0x1fff8560                CMP0_IRQHandler
                0x1fff8560                Reserved52_IRQHandler
                0x1fff8560                PORTC_IRQHandler
                0x1fff8560                DMA6_IRQHandler
                0x1fff8560                FTM1_Ch0_Ch1_IRQHandler
                0x1fff8560                FLEXIO_IRQHandler
                0x1fff8560                DMA1_IRQHandler
                0x1fff8560                Reserved113_IRQHandler
 .text          0x1fff8564      0x378 c:/nxp/s32ds.3.4/s32ds/build_tools/gcc_v6.3/gcc-6.3-arm32-eabi/bin/../lib/gcc/arm-none-eabi/6.3.1/thumb/v7e-m\libgcc.a(_arm_addsubdf3.o)
                0x1fff8564                __aeabi_drsub
                0x1fff856c                __aeabi_dsub
                0x1fff856c                __subdf3
                0x1fff8570                __aeabi_dadd
                0x1fff8570                __adddf3
                0x1fff87e8                __floatunsidf
                0x1fff87e8                __aeabi_ui2d
                0x1fff8808                __floatsidf
                0x1fff8808                __aeabi_i2d
                0x1fff882c                __aeabi_f2d
                0x1fff882c                __extendsfdf2
                0x1fff8870                __floatundidf
                0x1fff8870                __aeabi_ul2d
                0x1fff8880                __floatdidf
                0x1fff8880                __aeabi_l2d
 .text          0x1fff88dc      0x424 c:/nxp/s32ds.3.4/s32ds/build_tools/gcc_v6.3/gcc-6.3-arm32-eabi/bin/../lib/gcc/arm-none-eabi/6.3.1/thumb/v7e-m\libgcc.a(_arm_muldivdf3.o)
                0x1fff88dc                __aeabi_dmul
                0x1fff88dc                __muldf3
                0x1fff8b30                __divdf3
                0x1fff8b30                __aeabi_ddiv
 .text          0x1fff8d00       0xa0 c:/nxp/s32ds.3.4/s32ds/build_tools/gcc_v6.3/gcc-6.3-arm32-eabi/bin/../lib/gcc/arm-none-eabi/6.3.1/thumb/v7e-m\libgcc.a(_arm_truncdfsf2.o)
                0x1fff8d00                __truncdfsf2
                0x1fff8d00                __aeabi_d2f
 .text          0x1fff8da0       0x10 C:/NXP/S32DS.3.4/S32DS/build_tools/gcc_v6.3/gcc-6.3-arm32-eabi/arm-none-eabi/newlib/lib/thumb/v7e-m\libc.a(lib_a-strlen.o)
                0x1fff8da0                strlen
 .text          0x1fff8db0       0xa0 C:/NXP/S32DS.3.4/S32DS/build_tools/gcc_v6.3/gcc-6.3-arm32-eabi/arm-none-eabi/newlib/lib/thumb/v7e-m\libc.a(lib_a-memchr.o)
                0x1fff8db0                memchr
 .text          0x1fff8e50      0x110 c:/nxp/s32ds.3.4/s32ds/build_tools/gcc_v6.3/gcc-6.3-arm32-eabi/bin/../lib/gcc/arm-none-eabi/6.3.1/thumb/v7e-m\libgcc.a(_arm_cmpdf2.o)
                0x1fff8e50                __gtdf2
                0x1fff8e50                __gedf2
                0x1fff8e58                __ltdf2
                0x1fff8e58                __ledf2
                0x1fff8e60                __nedf2
                0x1fff8e60                __eqdf2
                0x1fff8e60                __cmpdf2
                0x1fff8edc                __aeabi_cdrcmple
                0x1fff8eec                __aeabi_cdcmpeq
                0x1fff8eec                __aeabi_cdcmple
                0x1fff8efc                __aeabi_dcmpeq
                0x1fff8f10                __aeabi_dcmplt
                0x1fff8f24                __aeabi_dcmple
                0x1fff8f38                __aeabi_dcmpge
                0x1fff8f4c                __aeabi_dcmpgt
 .text          0x1fff8f60       0x2c c:/nxp/s32ds.3.4/s32ds/build_tools/gcc_v6.3/gcc-6.3-arm32-eabi/bin/../lib/gcc/arm-none-eabi/6.3.1/thumb/v7e-m\libgcc.a(_arm_unorddf2.o)
                0x1fff8f60                __unorddf2
                0x1fff8f60                __aeabi_dcmpun
 .text          0x1fff8f8c       0x50 c:/nxp/s32ds.3.4/s32ds/build_tools/gcc_v6.3/gcc-6.3-arm32-eabi/bin/../lib/gcc/arm-none-eabi/6.3.1/thumb/v7e-m\libgcc.a(_arm_fixdfsi.o)
                0x1fff8f8c                __aeabi_d2iz
                0x1fff8f8c                __fixdfsi
 .text          0x1fff8fdc       0x30 c:/nxp/s32ds.3.4/s32ds/build_tools/gcc_v6.3/gcc-6.3-arm32-eabi/bin/../lib/gcc/arm-none-eabi/6.3.1/thumb/v7e-m\libgcc.a(_aeabi_uldivmod.o)
                0x1fff8fdc                __aeabi_uldivmod
 .text          0x1fff900c      0x2e4 c:/nxp/s32ds.3.4/s32ds/build_tools/gcc_v6.3/gcc-6.3-arm32-eabi/bin/../lib/gcc/arm-none-eabi/6.3.1/thumb/v7e-m\libgcc.a(_udivmoddi4.o)
                0x1fff900c                __udivmoddi4
 .text          0x1fff92f0        0x4 c:/nxp/s32ds.3.4/s32ds/build_tools/gcc_v6.3/gcc-6.3-arm32-eabi/bin/../lib/gcc/arm-none-eabi/6.3.1/thumb/v7e-m\libgcc.a(_dvmd_tls.o)
                0x1fff92f0                __aeabi_idiv0
                0x1fff92f0                __aeabi_ldiv0
 *(.text*)
 .text.MazdaCX5_ENGINE_DATA
                0x1fff92f4       0x80 ./CAR_dbc/mazda_cx5.o
                0x1fff92f4                MazdaCX5_ENGINE_DATA
 *fill*         0x1fff9374        0x4 
 .text.MazdaCX5_WHEEL_SPEED
                0x1fff9378      0x1e4 ./CAR_dbc/mazda_cx5.o
                0x1fff9378                MazdaCX5_WHEEL_SPEED
 .text.MazdaCX5_TURN_SWITCH
                0x1fff955c       0x5c ./CAR_dbc/mazda_cx5.o
                0x1fff955c                MazdaCX5_TURN_SWITCH
 .text.FLEXCAN_Enable
                0x1fff95b8       0x4e ./Driver/CAN/Can.o
                0x1fff95b8                FLEXCAN_Enable
 .text.FLEXCAN_IsEnabled
                0x1fff9606       0x22 ./Driver/CAN/Can.o
 .text.FLEXCAN_Disable
                0x1fff9628       0x3a ./Driver/CAN/Can.o
                0x1fff9628                FLEXCAN_Disable
 .text.FLEXCAN_EnterFreezeMode
                0x1fff9662       0x36 ./Driver/CAN/Can.o
                0x1fff9662                FLEXCAN_EnterFreezeMode
 .text.FLEXCAN_ExitFreezeMode
                0x1fff9698       0x36 ./Driver/CAN/Can.o
                0x1fff9698                FLEXCAN_ExitFreezeMode
 .text.FLEXCAN_SelectClock
                0x1fff96ce       0x28 ./Driver/CAN/Can.o
 .text.FLEXCAN_SetSelfReception
                0x1fff96f6       0x22 ./Driver/CAN/Can.o
 .text.FLEXCAN_GetMaxMbNum
                0x1fff9718       0x4c ./Driver/CAN/Can.o
                0x1fff9718                FLEXCAN_GetMaxMbNum
 .text.FLEXCAN_ClearRAM
                0x1fff9764       0x66 ./Driver/CAN/Can.o
 *fill*         0x1fff97ca        0x2 
 .text.FLEXCAN_Init
                0x1fff97cc       0x60 ./Driver/CAN/Can.o
                0x1fff97cc                FLEXCAN_Init
 .text.FLEXCAN_IsRxFifoEnabled
                0x1fff982c       0x1c ./Driver/CAN/Can.o
 .text.FLEXCAN_SetRxFifoDMA
                0x1fff9848       0x22 ./Driver/CAN/Can.o
 .text.FLEXCAN_IsFDEnabled
                0x1fff986a       0x1c ./Driver/CAN/Can.o
 .text.FLEXCAN_EnableRxFifo
                0x1fff9886       0x82 ./Driver/CAN/Can.o
                0x1fff9886                FLEXCAN_EnableRxFifo
 .text.FLEXCAN_SetTimeSegments
                0x1fff9908       0x7c ./Driver/CAN/Can.o
 .text.FLEXCAN_SetOperationMode
                0x1fff9984       0x94 ./Driver/CAN/Can.o
                0x1fff9984                FLEXCAN_SetOperationMode
 .text.FLEXCAN_DRV_Init
                0x1fff9a18       0xea ./Driver/CAN/Can.o
                0x1fff9a18                FLEXCAN_DRV_Init
 *fill*         0x1fff9b02        0x2 
 .text.FlexCAN_Config_RxMB
                0x1fff9b04      0x108 ./Driver/CAN/Can.o
                0x1fff9b04                FlexCAN_Config_RxMB
 .text.FlexCAN_receive_frame
                0x1fff9c0c       0xc4 ./Driver/CAN/Can.o
                0x1fff9c0c                FlexCAN_receive_frame
 .text.FLEXCAN_DRV_GetDefaultConfig
                0x1fff9cd0       0x8c ./Driver/CAN/Can_Cfg.o
                0x1fff9cd0                FLEXCAN_DRV_GetDefaultConfig
 .text.SOSC_init_8MHz
                0x1fff9d5c       0x4c ./Driver/Clock/clocks_and_modes.o
                0x1fff9d5c                SOSC_init_8MHz
 .text.SPLL_init_160MHz
                0x1fff9da8       0x80 ./Driver/Clock/clocks_and_modes.o
                0x1fff9da8                SPLL_init_160MHz
 .text.NormalRUNmode_80MHz
                0x1fff9e28       0x34 ./Driver/Clock/clocks_and_modes.o
                0x1fff9e28                NormalRUNmode_80MHz
 .text.LPUART1_transmit_char
                0x1fff9e5c       0x30 ./Driver/LPUART/lpuart.o
                0x1fff9e5c                LPUART1_transmit_char
 .text.LPUART1_transmit_string
                0x1fff9e8c       0x36 ./Driver/LPUART/lpuart.o
                0x1fff9e8c                LPUART1_transmit_string
 *fill*         0x1fff9ec2        0x2 
 .text.LPUART1_init
                0x1fff9ec4       0x5c ./Driver/LPUART/lpuart.o
                0x1fff9ec4                LPUART1_init
 .text.NVIC_EnableIRQ
                0x1fff9f20       0x50 ./Driver/NVIC/nvic.o
                0x1fff9f20                NVIC_EnableIRQ
 .text.PORT_init
                0x1fff9f70       0x74 ./Driver/PORT/port.o
                0x1fff9f70                PORT_init
 .text.init_data_bss
                0x1fff9fe4      0x128 ./Project_Settings/Startup_Code/startup.o
                0x1fff9fe4                init_data_bss
 .text.SystemInit
                0x1fffa10c       0x30 ./Project_Settings/Startup_Code/system_S32K144.o
                0x1fffa10c                SystemInit
 .text.CAN0_ORed_0_15_MB_IRQHandler
                0x1fffa13c       0x80 ./src/main.o
                0x1fffa13c                CAN0_ORed_0_15_MB_IRQHandler
 .text.LPUART1_RxTx_IRQHandler
                0x1fffa1bc       0x30 ./src/main.o
                0x1fffa1bc                LPUART1_RxTx_IRQHandler
 .text.main     0x1fffa1ec       0x68 ./src/main.o
                0x1fffa1ec                main
 .text.exit     0x1fffa254       0x20 C:/NXP/S32DS.3.4/S32DS/build_tools/gcc_v6.3/gcc-6.3-arm32-eabi/arm-none-eabi/newlib/lib/thumb/v7e-m\libc.a(lib_a-exit.o)
                0x1fffa254                exit
 .text.__libc_init_array
                0x1fffa274       0x48 C:/NXP/S32DS.3.4/S32DS/build_tools/gcc_v6.3/gcc-6.3-arm32-eabi/arm-none-eabi/newlib/lib/thumb/v7e-m\libc.a(lib_a-init.o)
                0x1fffa274                __libc_init_array
 .text.memset   0x1fffa2bc       0x10 C:/NXP/S32DS.3.4/S32DS/build_tools/gcc_v6.3/gcc-6.3-arm32-eabi/arm-none-eabi/newlib/lib/thumb/v7e-m\libc.a(lib_a-memset.o)
                0x1fffa2bc                memset
 .text.sprintf  0x1fffa2cc       0x48 C:/NXP/S32DS.3.4/S32DS/build_tools/gcc_v6.3/gcc-6.3-arm32-eabi/arm-none-eabi/newlib/lib/thumb/v7e-m\libc.a(lib_a-sprintf.o)
                0x1fffa2cc                sprintf
 .text._svfprintf_r
                0x1fffa314      0xfa0 C:/NXP/S32DS.3.4/S32DS/build_tools/gcc_v6.3/gcc-6.3-arm32-eabi/arm-none-eabi/newlib/lib/thumb/v7e-m\libc.a(lib_a-svfprintf.o)
                0x1fffa314                _svfprintf_r
 .text.startup.register_fini
                0x1fffb2b4       0x14 C:/NXP/S32DS.3.4/S32DS/build_tools/gcc_v6.3/gcc-6.3-arm32-eabi/arm-none-eabi/newlib/lib/thumb/v7e-m\libc.a(lib_a-__call_atexit.o)
 .text.__call_exitprocs
                0x1fffb2c8       0xc8 C:/NXP/S32DS.3.4/S32DS/build_tools/gcc_v6.3/gcc-6.3-arm32-eabi/arm-none-eabi/newlib/lib/thumb/v7e-m\libc.a(lib_a-__call_atexit.o)
                0x1fffb2c8                __call_exitprocs
 .text.quorem   0x1fffb390      0x118 C:/NXP/S32DS.3.4/S32DS/build_tools/gcc_v6.3/gcc-6.3-arm32-eabi/arm-none-eabi/newlib/lib/thumb/v7e-m\libc.a(lib_a-dtoa.o)
 .text._dtoa_r  0x1fffb4a8      0xb74 C:/NXP/S32DS.3.4/S32DS/build_tools/gcc_v6.3/gcc-6.3-arm32-eabi/arm-none-eabi/newlib/lib/thumb/v7e-m\libc.a(lib_a-dtoa.o)
                0x1fffb4a8                _dtoa_r
 .text.__libc_fini_array
                0x1fffc01c       0x28 C:/NXP/S32DS.3.4/S32DS/build_tools/gcc_v6.3/gcc-6.3-arm32-eabi/arm-none-eabi/newlib/lib/thumb/v7e-m\libc.a(lib_a-fini.o)
                0x1fffc01c                __libc_fini_array
 .text._localeconv_r
                0x1fffc044       0x1c C:/NXP/S32DS.3.4/S32DS/build_tools/gcc_v6.3/gcc-6.3-arm32-eabi/arm-none-eabi/newlib/lib/thumb/v7e-m\libc.a(lib_a-localeconv.o)
                0x1fffc044                _localeconv_r
 .text._malloc_r
                0x1fffc060      0x444 C:/NXP/S32DS.3.4/S32DS/build_tools/gcc_v6.3/gcc-6.3-arm32-eabi/arm-none-eabi/newlib/lib/thumb/v7e-m\libc.a(lib_a-mallocr.o)
                0x1fffc060                _malloc_r
 .text.__ascii_mbtowc
                0x1fffc4a4       0x24 C:/NXP/S32DS.3.4/S32DS/build_tools/gcc_v6.3/gcc-6.3-arm32-eabi/arm-none-eabi/newlib/lib/thumb/v7e-m\libc.a(lib_a-mbtowc_r.o)
                0x1fffc4a4                __ascii_mbtowc
 .text.memcpy   0x1fffc4c8       0x16 C:/NXP/S32DS.3.4/S32DS/build_tools/gcc_v6.3/gcc-6.3-arm32-eabi/arm-none-eabi/newlib/lib/thumb/v7e-m\libc.a(lib_a-memcpy-stub.o)
                0x1fffc4c8                memcpy
 .text.__malloc_lock
                0x1fffc4de        0x2 C:/NXP/S32DS.3.4/S32DS/build_tools/gcc_v6.3/gcc-6.3-arm32-eabi/arm-none-eabi/newlib/lib/thumb/v7e-m\libc.a(lib_a-mlock.o)
                0x1fffc4de                __malloc_lock
 .text.__malloc_unlock
                0x1fffc4e0        0x2 C:/NXP/S32DS.3.4/S32DS/build_tools/gcc_v6.3/gcc-6.3-arm32-eabi/arm-none-eabi/newlib/lib/thumb/v7e-m\libc.a(lib_a-mlock.o)
                0x1fffc4e0                __malloc_unlock
 .text._Balloc  0x1fffc4e2       0x4a C:/NXP/S32DS.3.4/S32DS/build_tools/gcc_v6.3/gcc-6.3-arm32-eabi/arm-none-eabi/newlib/lib/thumb/v7e-m\libc.a(lib_a-mprec.o)
                0x1fffc4e2                _Balloc
 .text._Bfree   0x1fffc52c       0x12 C:/NXP/S32DS.3.4/S32DS/build_tools/gcc_v6.3/gcc-6.3-arm32-eabi/arm-none-eabi/newlib/lib/thumb/v7e-m\libc.a(lib_a-mprec.o)
                0x1fffc52c                _Bfree
 .text.__multadd
                0x1fffc53e       0x76 C:/NXP/S32DS.3.4/S32DS/build_tools/gcc_v6.3/gcc-6.3-arm32-eabi/arm-none-eabi/newlib/lib/thumb/v7e-m\libc.a(lib_a-mprec.o)
                0x1fffc53e                __multadd
 .text.__hi0bits
                0x1fffc5b4       0x3e C:/NXP/S32DS.3.4/S32DS/build_tools/gcc_v6.3/gcc-6.3-arm32-eabi/arm-none-eabi/newlib/lib/thumb/v7e-m\libc.a(lib_a-mprec.o)
                0x1fffc5b4                __hi0bits
 .text.__lo0bits
                0x1fffc5f2       0x5e C:/NXP/S32DS.3.4/S32DS/build_tools/gcc_v6.3/gcc-6.3-arm32-eabi/arm-none-eabi/newlib/lib/thumb/v7e-m\libc.a(lib_a-mprec.o)
                0x1fffc5f2                __lo0bits
 .text.__i2b    0x1fffc650       0x12 C:/NXP/S32DS.3.4/S32DS/build_tools/gcc_v6.3/gcc-6.3-arm32-eabi/arm-none-eabi/newlib/lib/thumb/v7e-m\libc.a(lib_a-mprec.o)
                0x1fffc650                __i2b
 .text.__multiply
                0x1fffc662      0x11a C:/NXP/S32DS.3.4/S32DS/build_tools/gcc_v6.3/gcc-6.3-arm32-eabi/arm-none-eabi/newlib/lib/thumb/v7e-m\libc.a(lib_a-mprec.o)
                0x1fffc662                __multiply
 .text.__pow5mult
                0x1fffc77c       0x80 C:/NXP/S32DS.3.4/S32DS/build_tools/gcc_v6.3/gcc-6.3-arm32-eabi/arm-none-eabi/newlib/lib/thumb/v7e-m\libc.a(lib_a-mprec.o)
                0x1fffc77c                __pow5mult
 .text.__lshift
                0x1fffc7fc       0xa2 C:/NXP/S32DS.3.4/S32DS/build_tools/gcc_v6.3/gcc-6.3-arm32-eabi/arm-none-eabi/newlib/lib/thumb/v7e-m\libc.a(lib_a-mprec.o)
                0x1fffc7fc                __lshift
 .text.__mcmp   0x1fffc89e       0x34 C:/NXP/S32DS.3.4/S32DS/build_tools/gcc_v6.3/gcc-6.3-arm32-eabi/arm-none-eabi/newlib/lib/thumb/v7e-m\libc.a(lib_a-mprec.o)
                0x1fffc89e                __mcmp
 .text.__mdiff  0x1fffc8d2       0xbc C:/NXP/S32DS.3.4/S32DS/build_tools/gcc_v6.3/gcc-6.3-arm32-eabi/arm-none-eabi/newlib/lib/thumb/v7e-m\libc.a(lib_a-mprec.o)
                0x1fffc8d2                __mdiff
 .text.__d2b    0x1fffc98e       0x9e C:/NXP/S32DS.3.4/S32DS/build_tools/gcc_v6.3/gcc-6.3-arm32-eabi/arm-none-eabi/newlib/lib/thumb/v7e-m\libc.a(lib_a-mprec.o)
                0x1fffc98e                __d2b
 .text._sbrk_r  0x1fffca2c       0x20 C:/NXP/S32DS.3.4/S32DS/build_tools/gcc_v6.3/gcc-6.3-arm32-eabi/arm-none-eabi/newlib/lib/thumb/v7e-m\libc.a(lib_a-sbrkr.o)
                0x1fffca2c                _sbrk_r
 .text.__ssprint_r
                0x1fffca4c       0xf4 C:/NXP/S32DS.3.4/S32DS/build_tools/gcc_v6.3/gcc-6.3-arm32-eabi/arm-none-eabi/newlib/lib/thumb/v7e-m\libc.a(lib_a-svfiprintf.o)
                0x1fffca4c                __ssprint_r
 .text.__ascii_wctomb
                0x1fffcb40       0x1a C:/NXP/S32DS.3.4/S32DS/build_tools/gcc_v6.3/gcc-6.3-arm32-eabi/arm-none-eabi/newlib/lib/thumb/v7e-m\libc.a(lib_a-wctomb_r.o)
                0x1fffcb40                __ascii_wctomb
 .text.atexit   0x1fffcb5a        0xc C:/NXP/S32DS.3.4/S32DS/build_tools/gcc_v6.3/gcc-6.3-arm32-eabi/arm-none-eabi/newlib/lib/thumb/v7e-m\libc.a(lib_a-atexit.o)
                0x1fffcb5a                atexit
 .text._calloc_r
                0x1fffcb66       0x5a C:/NXP/S32DS.3.4/S32DS/build_tools/gcc_v6.3/gcc-6.3-arm32-eabi/arm-none-eabi/newlib/lib/thumb/v7e-m\libc.a(lib_a-callocr.o)
                0x1fffcb66                _calloc_r
 .text._malloc_trim_r
                0x1fffcbc0       0xa0 C:/NXP/S32DS.3.4/S32DS/build_tools/gcc_v6.3/gcc-6.3-arm32-eabi/arm-none-eabi/newlib/lib/thumb/v7e-m\libc.a(lib_a-freer.o)
                0x1fffcbc0                _malloc_trim_r
 .text._free_r  0x1fffcc60      0x178 C:/NXP/S32DS.3.4/S32DS/build_tools/gcc_v6.3/gcc-6.3-arm32-eabi/arm-none-eabi/newlib/lib/thumb/v7e-m\libc.a(lib_a-freer.o)
                0x1fffcc60                _free_r
 .text.memmove  0x1fffcdd8       0x34 C:/NXP/S32DS.3.4/S32DS/build_tools/gcc_v6.3/gcc-6.3-arm32-eabi/arm-none-eabi/newlib/lib/thumb/v7e-m\libc.a(lib_a-memmove.o)
                0x1fffcdd8                memmove
 .text._realloc_r
                0x1fffce0c      0x300 C:/NXP/S32DS.3.4/S32DS/build_tools/gcc_v6.3/gcc-6.3-arm32-eabi/arm-none-eabi/newlib/lib/thumb/v7e-m\libc.a(lib_a-reallocr.o)
                0x1fffce0c                _realloc_r
 .text.__register_exitproc
                0x1fffd10c       0x98 C:/NXP/S32DS.3.4/S32DS/build_tools/gcc_v6.3/gcc-6.3-arm32-eabi/arm-none-eabi/newlib/lib/thumb/v7e-m\libc.a(lib_a-__atexit.o)
                0x1fffd10c                __register_exitproc
 .text._sbrk    0x1fffd1a4       0x1c C:/NXP/S32DS.3.4/S32DS/build_tools/gcc_v6.3/gcc-6.3-arm32-eabi/arm-none-eabi/newlib/lib/thumb/v7e-m\libnosys.a(sbrk.o)
                0x1fffd1a4                _sbrk
 .text._exit    0x1fffd1c0        0x2 C:/NXP/S32DS.3.4/S32DS/build_tools/gcc_v6.3/gcc-6.3-arm32-eabi/arm-none-eabi/newlib/lib/thumb/v7e-m\libnosys.a(_exit.o)
                0x1fffd1c0                _exit
 *(.rodata)
 *fill*         0x1fffd1c2        0x2 
 .rodata        0x1fffd1c4       0xdf ./CAR_dbc/mazda_cx5.o
 *fill*         0x1fffd2a3        0x1 
 .rodata        0x1fffd2a4       0x14 ./Driver/CAN/Can_Cfg.o
 *(.rodata*)
 .rodata.flexcanBase.4640
                0x1fffd2b8        0xc ./Driver/CAN/Can.o
 .rodata.maxMbNum.4641
                0x1fffd2c4        0xc ./Driver/CAN/Can.o
 .rodata._global_impure_ptr
                0x1fffd2d0        0x4 C:/NXP/S32DS.3.4/S32DS/build_tools/gcc_v6.3/gcc-6.3-arm32-eabi/arm-none-eabi/newlib/lib/thumb/v7e-m\libc.a(lib_a-impure.o)
                0x1fffd2d0                _global_impure_ptr
 .rodata._svfprintf_r.str1.1
                0x1fffd2d4       0x34 C:/NXP/S32DS.3.4/S32DS/build_tools/gcc_v6.3/gcc-6.3-arm32-eabi/arm-none-eabi/newlib/lib/thumb/v7e-m\libc.a(lib_a-svfprintf.o)
 .rodata.blanks.7175
                0x1fffd308       0x10 C:/NXP/S32DS.3.4/S32DS/build_tools/gcc_v6.3/gcc-6.3-arm32-eabi/arm-none-eabi/newlib/lib/thumb/v7e-m\libc.a(lib_a-svfprintf.o)
 .rodata.zeroes.7176
                0x1fffd318       0x10 C:/NXP/S32DS.3.4/S32DS/build_tools/gcc_v6.3/gcc-6.3-arm32-eabi/arm-none-eabi/newlib/lib/thumb/v7e-m\libc.a(lib_a-svfprintf.o)
 .rodata._dtoa_r.str1.1
                0x1fffd328        0xd C:/NXP/S32DS.3.4/S32DS/build_tools/gcc_v6.3/gcc-6.3-arm32-eabi/arm-none-eabi/newlib/lib/thumb/v7e-m\libc.a(lib_a-dtoa.o)
                                  0xf (size before relaxing)
 .rodata._setlocale_r.str1.1
                0x1fffd335        0x8 C:/NXP/S32DS.3.4/S32DS/build_tools/gcc_v6.3/gcc-6.3-arm32-eabi/arm-none-eabi/newlib/lib/thumb/v7e-m\libc.a(lib_a-locale.o)
                                  0x9 (size before relaxing)
 .rodata.str1.1
                0x1fffd33d        0x2 C:/NXP/S32DS.3.4/S32DS/build_tools/gcc_v6.3/gcc-6.3-arm32-eabi/arm-none-eabi/newlib/lib/thumb/v7e-m\libc.a(lib_a-locale.o)
 *fill*         0x1fffd33f        0x1 
 .rodata.__mprec_bigtens
                0x1fffd340       0x28 C:/NXP/S32DS.3.4/S32DS/build_tools/gcc_v6.3/gcc-6.3-arm32-eabi/arm-none-eabi/newlib/lib/thumb/v7e-m\libc.a(lib_a-mprec.o)
                0x1fffd340                __mprec_bigtens
 .rodata.__mprec_tens
                0x1fffd368       0xc8 C:/NXP/S32DS.3.4/S32DS/build_tools/gcc_v6.3/gcc-6.3-arm32-eabi/arm-none-eabi/newlib/lib/thumb/v7e-m\libc.a(lib_a-mprec.o)
                0x1fffd368                __mprec_tens
 .rodata.p05.6016
                0x1fffd430        0xc C:/NXP/S32DS.3.4/S32DS/build_tools/gcc_v6.3/gcc-6.3-arm32-eabi/arm-none-eabi/newlib/lib/thumb/v7e-m\libc.a(lib_a-mprec.o)
 .rodata._ctype_
                0x1fffd43c      0x101 C:/NXP/S32DS.3.4/S32DS/build_tools/gcc_v6.3/gcc-6.3-arm32-eabi/arm-none-eabi/newlib/lib/thumb/v7e-m\libc.a(lib_a-ctype_.o)
                0x1fffd43c                _ctype_
 *(.glue_7)
 .glue_7        0x1fffd53d        0x0 linker stubs
 *(.glue_7t)
 .glue_7t       0x1fffd53d        0x0 linker stubs
 *(.eh_frame)
 *fill*         0x1fffd53d        0x3 
 .eh_frame      0x1fffd540        0x0 c:/nxp/s32ds.3.4/s32ds/build_tools/gcc_v6.3/gcc-6.3-arm32-eabi/bin/../lib/gcc/arm-none-eabi/6.3.1/thumb/v7e-m/crtbegin.o
 *(.init)
 .init          0x1fffd540        0x4 c:/nxp/s32ds.3.4/s32ds/build_tools/gcc_v6.3/gcc-6.3-arm32-eabi/bin/../lib/gcc/arm-none-eabi/6.3.1/thumb/v7e-m/crti.o
                0x1fffd540                _init
 .init          0x1fffd544        0x8 c:/nxp/s32ds.3.4/s32ds/build_tools/gcc_v6.3/gcc-6.3-arm32-eabi/bin/../lib/gcc/arm-none-eabi/6.3.1/thumb/v7e-m/crtn.o
 *(.fini)
 .fini          0x1fffd54c        0x4 c:/nxp/s32ds.3.4/s32ds/build_tools/gcc_v6.3/gcc-6.3-arm32-eabi/bin/../lib/gcc/arm-none-eabi/6.3.1/thumb/v7e-m/crti.o
                0x1fffd54c                _fini
 .fini          0x1fffd550        0x8 c:/nxp/s32ds.3.4/s32ds/build_tools/gcc_v6.3/gcc-6.3-arm32-eabi/bin/../lib/gcc/arm-none-eabi/6.3.1/thumb/v7e-m/crtn.o
                0x1fffd558                . = ALIGN (0x4)

.vfp11_veneer   0x1fffd558        0x0
 .vfp11_veneer  0x1fffd558        0x0 linker stubs

.v4_bx          0x1fffd558        0x0
 .v4_bx         0x1fffd558        0x0 linker stubs

.iplt           0x1fffd558        0x0
 .iplt          0x1fffd558        0x0 c:/nxp/s32ds.3.4/s32ds/build_tools/gcc_v6.3/gcc-6.3-arm32-eabi/bin/../lib/gcc/arm-none-eabi/6.3.1/thumb/v7e-m/crtbegin.o

.code_ram       0x1fffd558        0x0
                0x1fffd558                . = ALIGN (0x4)
                0x1fffd558                __CODE_RAM = .
                0x1fffd558                __code_ram_start__ = .
 *(.code_ram)
                0x1fffd558                __CODE_ROM = .
                0x1fffd558                __CODE_END = .
                0x1fffd558                __code_ram_end__ = .
                0x1fffd558                . = ALIGN (0x4)

.ARM.extab
 *(.ARM.extab* .gnu.linkonce.armextab.*)

.ARM            0x1fffd558        0x8
                0x1fffd558                __exidx_start = .
 *(.ARM.exidx*)
 .ARM.exidx     0x1fffd558        0x8 C:/NXP/S32DS.3.4/S32DS/build_tools/gcc_v6.3/gcc-6.3-arm32-eabi/arm-none-eabi/newlib/lib/thumb/v7e-m/crt0.o
 .ARM.exidx     0x1fffd560        0x0 c:/nxp/s32ds.3.4/s32ds/build_tools/gcc_v6.3/gcc-6.3-arm32-eabi/bin/../lib/gcc/arm-none-eabi/6.3.1/thumb/v7e-m\libgcc.a(_udivmoddi4.o)
                                  0x8 (size before relaxing)
                0x1fffd560                __exidx_end = .

.rel.dyn        0x1fffd560        0x0
 .rel.iplt      0x1fffd560        0x0 c:/nxp/s32ds.3.4/s32ds/build_tools/gcc_v6.3/gcc-6.3-arm32-eabi/bin/../lib/gcc/arm-none-eabi/6.3.1/thumb/v7e-m/crtbegin.o

.ctors          0x1fffd560        0x0
                0x1fffd560                __CTOR_LIST__ = .
 *crtbegin.o(.ctors)
 *crtbegin?.o(.ctors)
 *(EXCLUDE_FILE(*crtend.o *crtend?.o) .ctors)
 *(SORT(.ctors.*))
 *(.ctors)
                0x1fffd560                __CTOR_END__ = .

.dtors          0x1fffd560        0x0
                0x1fffd560                __DTOR_LIST__ = .
 *crtbegin.o(.dtors)
 *crtbegin?.o(.dtors)
 *(EXCLUDE_FILE(*crtend.o *crtend?.o) .dtors)
 *(SORT(.dtors.*))
 *(.dtors)
                0x1fffd560                __DTOR_END__ = .

.preinit_array  0x1fffd560        0x0
                0x1fffd560                PROVIDE (__preinit_array_start, .)
 *(.preinit_array*)
                0x1fffd560                PROVIDE (__preinit_array_end, .)

.init_array     0x1fffd560        0x8
                0x1fffd560                PROVIDE (__init_array_start, .)
 *(SORT(.init_array.*))
 .init_array.00000
                0x1fffd560        0x4 C:/NXP/S32DS.3.4/S32DS/build_tools/gcc_v6.3/gcc-6.3-arm32-eabi/arm-none-eabi/newlib/lib/thumb/v7e-m\libc.a(lib_a-__call_atexit.o)
 *(.init_array*)
 .init_array    0x1fffd564        0x4 c:/nxp/s32ds.3.4/s32ds/build_tools/gcc_v6.3/gcc-6.3-arm32-eabi/bin/../lib/gcc/arm-none-eabi/6.3.1/thumb/v7e-m/crtbegin.o
                0x1fffd568                PROVIDE (__init_array_end, .)

.fini_array     0x1fffd568        0x4
                0x1fffd568                PROVIDE (__fini_array_start, .)
 *(SORT(.fini_array.*))
 *(.fini_array*)
 .fini_array    0x1fffd568        0x4 c:/nxp/s32ds.3.4/s32ds/build_tools/gcc_v6.3/gcc-6.3-arm32-eabi/bin/../lib/gcc/arm-none-eabi/6.3.1/thumb/v7e-m/crtbegin.o
                0x1fffd56c                PROVIDE (__fini_array_end, .)
                0x1fffd56c                __etext = .
                0x1fffd56c                __DATA_ROM = .
                0x1fffd56c                __DATA_END = __DATA_ROM

.customSectionBlock
                0x20000000        0x0
                0x20000000                __customSection_start__ = .
 *(.customSection)
                0x20000000                __customSection_end__ = .
                0x20000000                __CUSTOM_ROM = .
                0x20000000                __CUSTOM_END = .

.data           0x20000000      0x9a0
                0x20000000                . = ALIGN (0x4)
                0x20000000                __DATA_RAM = .
                0x20000000                __data_start__ = .
 *(.data)
 *(.data*)
 .data._impure_ptr
                0x20000000        0x4 C:/NXP/S32DS.3.4/S32DS/build_tools/gcc_v6.3/gcc-6.3-arm32-eabi/arm-none-eabi/newlib/lib/thumb/v7e-m\libc.a(lib_a-impure.o)
                0x20000000                _impure_ptr
 *fill*         0x20000004        0x4 
 .data.impure_data
                0x20000008      0x418 C:/NXP/S32DS.3.4/S32DS/build_tools/gcc_v6.3/gcc-6.3-arm32-eabi/arm-none-eabi/newlib/lib/thumb/v7e-m\libc.a(lib_a-impure.o)
 .data.__global_locale
                0x20000420      0x16c C:/NXP/S32DS.3.4/S32DS/build_tools/gcc_v6.3/gcc-6.3-arm32-eabi/arm-none-eabi/newlib/lib/thumb/v7e-m\libc.a(lib_a-locale.o)
                0x20000420                __global_locale
 .data.__malloc_av_
                0x2000058c      0x408 C:/NXP/S32DS.3.4/S32DS/build_tools/gcc_v6.3/gcc-6.3-arm32-eabi/arm-none-eabi/newlib/lib/thumb/v7e-m\libc.a(lib_a-mallocr.o)
                0x2000058c                __malloc_av_
 .data.__malloc_sbrk_base
                0x20000994        0x4 C:/NXP/S32DS.3.4/S32DS/build_tools/gcc_v6.3/gcc-6.3-arm32-eabi/arm-none-eabi/newlib/lib/thumb/v7e-m\libc.a(lib_a-mallocr.o)
                0x20000994                __malloc_sbrk_base
 .data.__malloc_trim_threshold
                0x20000998        0x4 C:/NXP/S32DS.3.4/S32DS/build_tools/gcc_v6.3/gcc-6.3-arm32-eabi/arm-none-eabi/newlib/lib/thumb/v7e-m\libc.a(lib_a-mallocr.o)
                0x20000998                __malloc_trim_threshold
 *(.jcr*)
 .jcr           0x2000099c        0x0 c:/nxp/s32ds.3.4/s32ds/build_tools/gcc_v6.3/gcc-6.3-arm32-eabi/bin/../lib/gcc/arm-none-eabi/6.3.1/thumb/v7e-m/crtbegin.o
 .jcr           0x2000099c        0x4 c:/nxp/s32ds.3.4/s32ds/build_tools/gcc_v6.3/gcc-6.3-arm32-eabi/bin/../lib/gcc/arm-none-eabi/6.3.1/thumb/v7e-m/crtend.o
                0x200009a0                . = ALIGN (0x4)
                0x200009a0                __data_end__ = .

.tm_clone_table
                0x200009a0        0x0
 .tm_clone_table
                0x200009a0        0x0 c:/nxp/s32ds.3.4/s32ds/build_tools/gcc_v6.3/gcc-6.3-arm32-eabi/bin/../lib/gcc/arm-none-eabi/6.3.1/thumb/v7e-m/crtbegin.o
 .tm_clone_table
                0x200009a0        0x0 c:/nxp/s32ds.3.4/s32ds/build_tools/gcc_v6.3/gcc-6.3-arm32-eabi/bin/../lib/gcc/arm-none-eabi/6.3.1/thumb/v7e-m/crtend.o

.igot.plt       0x200009a0        0x0
 .igot.plt      0x200009a0        0x0 c:/nxp/s32ds.3.4/s32ds/build_tools/gcc_v6.3/gcc-6.3-arm32-eabi/bin/../lib/gcc/arm-none-eabi/6.3.1/thumb/v7e-m/crtbegin.o

.bss            0x200009a0       0x58
                0x200009a0                . = ALIGN (0x4)
                0x200009a0                __BSS_START = .
                0x200009a0                __bss_start__ = .
 *(.bss)
 .bss           0x200009a0       0x1c c:/nxp/s32ds.3.4/s32ds/build_tools/gcc_v6.3/gcc-6.3-arm32-eabi/bin/../lib/gcc/arm-none-eabi/6.3.1/thumb/v7e-m/crtbegin.o
 *(.bss*)
 .bss.__malloc_current_mallinfo
                0x200009bc       0x28 C:/NXP/S32DS.3.4/S32DS/build_tools/gcc_v6.3/gcc-6.3-arm32-eabi/arm-none-eabi/newlib/lib/thumb/v7e-m\libc.a(lib_a-mallocr.o)
                0x200009bc                __malloc_current_mallinfo
 .bss.__malloc_max_sbrked_mem
                0x200009e4        0x4 C:/NXP/S32DS.3.4/S32DS/build_tools/gcc_v6.3/gcc-6.3-arm32-eabi/arm-none-eabi/newlib/lib/thumb/v7e-m\libc.a(lib_a-mallocr.o)
                0x200009e4                __malloc_max_sbrked_mem
 .bss.__malloc_max_total_mem
                0x200009e8        0x4 C:/NXP/S32DS.3.4/S32DS/build_tools/gcc_v6.3/gcc-6.3-arm32-eabi/arm-none-eabi/newlib/lib/thumb/v7e-m\libc.a(lib_a-mallocr.o)
                0x200009e8                __malloc_max_total_mem
 .bss.__malloc_top_pad
                0x200009ec        0x4 C:/NXP/S32DS.3.4/S32DS/build_tools/gcc_v6.3/gcc-6.3-arm32-eabi/arm-none-eabi/newlib/lib/thumb/v7e-m\libc.a(lib_a-mallocr.o)
                0x200009ec                __malloc_top_pad
 .bss.heap_end.4090
                0x200009f0        0x4 C:/NXP/S32DS.3.4/S32DS/build_tools/gcc_v6.3/gcc-6.3-arm32-eabi/arm-none-eabi/newlib/lib/thumb/v7e-m\libnosys.a(sbrk.o)
 *(COMMON)
 COMMON         0x200009f4        0x4 C:/NXP/S32DS.3.4/S32DS/build_tools/gcc_v6.3/gcc-6.3-arm32-eabi/arm-none-eabi/newlib/lib/thumb/v7e-m\libc.a(lib_a-reent.o)
                0x200009f4                errno
                0x200009f8                . = ALIGN (0x4)
                0x200009f8                __bss_end__ = .
                0x200009f8                __BSS_END = .

.heap           0x200009f8      0x400
                0x200009f8                . = ALIGN (0x8)
                0x200009f8                __end__ = .
                0x200009f8                __heap_start__ = .
                0x200009f8                PROVIDE (end, .)
                [!provide]                PROVIDE (_end, .)
                [!provide]                PROVIDE (__end, .)
                0x200009f8                __HeapBase = .
                0x20000df8                . = (. + HEAP_SIZE)
 *fill*         0x200009f8      0x400 
                0x20000df8                __HeapLimit = .
                0x20000df8                __heap_limit = .
                0x20000df8                __heap_end__ = .
                0x20007000                __StackTop = (ORIGIN (m_data) + LENGTH (m_data))
                0x20006c00                __StackLimit = (__StackTop - STACK_SIZE)
                0x20007000                PROVIDE (__stack, __StackTop)

.stack          0x20006c00      0x400
                0x20006c00                . = ALIGN (0x8)
                0x20006c00                __stack_start__ = .
                0x20007000                . = (. + STACK_SIZE)
 *fill*         0x20006c00      0x400 
                0x20007000                __stack_end__ = .
                0x200009a0                __START_BSS = __BSS_START
                0x200009f8                __END_BSS = __BSS_END
                0x20007000                __SP_INIT = __StackTop

.ARM.attributes
                0x00000000       0x2a
 *(.ARM.attributes)
 .ARM.attributes
                0x00000000       0x1e c:/nxp/s32ds.3.4/s32ds/build_tools/gcc_v6.3/gcc-6.3-arm32-eabi/bin/../lib/gcc/arm-none-eabi/6.3.1/thumb/v7e-m/crti.o
 .ARM.attributes
                0x0000001e       0x2e c:/nxp/s32ds.3.4/s32ds/build_tools/gcc_v6.3/gcc-6.3-arm32-eabi/bin/../lib/gcc/arm-none-eabi/6.3.1/thumb/v7e-m/crtbegin.o
 .ARM.attributes
                0x0000004c       0x1c C:/NXP/S32DS.3.4/S32DS/build_tools/gcc_v6.3/gcc-6.3-arm32-eabi/arm-none-eabi/newlib/lib/thumb/v7e-m/crt0.o
 .ARM.attributes
                0x00000068       0x33 ./CAR_dbc/mazda_cx5.o
 .ARM.attributes
                0x0000009b       0x33 ./Driver/CAN/Can.o
 .ARM.attributes
                0x000000ce       0x33 ./Driver/CAN/Can_Cfg.o
 .ARM.attributes
                0x00000101       0x33 ./Driver/Clock/clocks_and_modes.o
 .ARM.attributes
                0x00000134       0x33 ./Driver/LPUART/lpuart.o
 .ARM.attributes
                0x00000167       0x33 ./Driver/NVIC/nvic.o
 .ARM.attributes
                0x0000019a       0x33 ./Driver/PORT/port.o
 .ARM.attributes
                0x000001cd       0x33 ./Project_Settings/Startup_Code/startup.o
 .ARM.attributes
                0x00000200       0x1b ./Project_Settings/Startup_Code/startup_S32K144.o
 .ARM.attributes
                0x0000021b       0x33 ./Project_Settings/Startup_Code/system_S32K144.o
 .ARM.attributes
                0x0000024e       0x33 ./src/main.o
 .ARM.attributes
                0x00000281       0x1e c:/nxp/s32ds.3.4/s32ds/build_tools/gcc_v6.3/gcc-6.3-arm32-eabi/bin/../lib/gcc/arm-none-eabi/6.3.1/thumb/v7e-m\libgcc.a(_arm_addsubdf3.o)
 .ARM.attributes
                0x0000029f       0x1e c:/nxp/s32ds.3.4/s32ds/build_tools/gcc_v6.3/gcc-6.3-arm32-eabi/bin/../lib/gcc/arm-none-eabi/6.3.1/thumb/v7e-m\libgcc.a(_arm_muldivdf3.o)
 .ARM.attributes
                0x000002bd       0x1e c:/nxp/s32ds.3.4/s32ds/build_tools/gcc_v6.3/gcc-6.3-arm32-eabi/bin/../lib/gcc/arm-none-eabi/6.3.1/thumb/v7e-m\libgcc.a(_arm_truncdfsf2.o)
 .ARM.attributes
                0x000002db       0x2e C:/NXP/S32DS.3.4/S32DS/build_tools/gcc_v6.3/gcc-6.3-arm32-eabi/arm-none-eabi/newlib/lib/thumb/v7e-m\libc.a(lib_a-exit.o)
 .ARM.attributes
                0x00000309       0x2e C:/NXP/S32DS.3.4/S32DS/build_tools/gcc_v6.3/gcc-6.3-arm32-eabi/arm-none-eabi/newlib/lib/thumb/v7e-m\libc.a(lib_a-impure.o)
 .ARM.attributes
                0x00000337       0x2e C:/NXP/S32DS.3.4/S32DS/build_tools/gcc_v6.3/gcc-6.3-arm32-eabi/arm-none-eabi/newlib/lib/thumb/v7e-m\libc.a(lib_a-init.o)
 .ARM.attributes
                0x00000365       0x2e C:/NXP/S32DS.3.4/S32DS/build_tools/gcc_v6.3/gcc-6.3-arm32-eabi/arm-none-eabi/newlib/lib/thumb/v7e-m\libc.a(lib_a-memset.o)
 .ARM.attributes
                0x00000393       0x2e C:/NXP/S32DS.3.4/S32DS/build_tools/gcc_v6.3/gcc-6.3-arm32-eabi/arm-none-eabi/newlib/lib/thumb/v7e-m\libc.a(lib_a-sprintf.o)
 .ARM.attributes
                0x000003c1       0x17 C:/NXP/S32DS.3.4/S32DS/build_tools/gcc_v6.3/gcc-6.3-arm32-eabi/arm-none-eabi/newlib/lib/thumb/v7e-m\libc.a(lib_a-strlen.o)
 .ARM.attributes
                0x000003d8       0x2e C:/NXP/S32DS.3.4/S32DS/build_tools/gcc_v6.3/gcc-6.3-arm32-eabi/arm-none-eabi/newlib/lib/thumb/v7e-m\libc.a(lib_a-svfprintf.o)
 .ARM.attributes
                0x00000406       0x2e C:/NXP/S32DS.3.4/S32DS/build_tools/gcc_v6.3/gcc-6.3-arm32-eabi/arm-none-eabi/newlib/lib/thumb/v7e-m\libc.a(lib_a-__call_atexit.o)
 .ARM.attributes
                0x00000434       0x2e C:/NXP/S32DS.3.4/S32DS/build_tools/gcc_v6.3/gcc-6.3-arm32-eabi/arm-none-eabi/newlib/lib/thumb/v7e-m\libc.a(lib_a-dtoa.o)
 .ARM.attributes
                0x00000462       0x2e C:/NXP/S32DS.3.4/S32DS/build_tools/gcc_v6.3/gcc-6.3-arm32-eabi/arm-none-eabi/newlib/lib/thumb/v7e-m\libc.a(lib_a-fini.o)
 .ARM.attributes
                0x00000490       0x2e C:/NXP/S32DS.3.4/S32DS/build_tools/gcc_v6.3/gcc-6.3-arm32-eabi/arm-none-eabi/newlib/lib/thumb/v7e-m\libc.a(lib_a-localeconv.o)
 .ARM.attributes
                0x000004be       0x2e C:/NXP/S32DS.3.4/S32DS/build_tools/gcc_v6.3/gcc-6.3-arm32-eabi/arm-none-eabi/newlib/lib/thumb/v7e-m\libc.a(lib_a-locale.o)
 .ARM.attributes
                0x000004ec       0x2e C:/NXP/S32DS.3.4/S32DS/build_tools/gcc_v6.3/gcc-6.3-arm32-eabi/arm-none-eabi/newlib/lib/thumb/v7e-m\libc.a(lib_a-mallocr.o)
 .ARM.attributes
                0x0000051a       0x2e C:/NXP/S32DS.3.4/S32DS/build_tools/gcc_v6.3/gcc-6.3-arm32-eabi/arm-none-eabi/newlib/lib/thumb/v7e-m\libc.a(lib_a-mbtowc_r.o)
 .ARM.attributes
                0x00000548       0x1c C:/NXP/S32DS.3.4/S32DS/build_tools/gcc_v6.3/gcc-6.3-arm32-eabi/arm-none-eabi/newlib/lib/thumb/v7e-m\libc.a(lib_a-memchr.o)
 .ARM.attributes
                0x00000564       0x2e C:/NXP/S32DS.3.4/S32DS/build_tools/gcc_v6.3/gcc-6.3-arm32-eabi/arm-none-eabi/newlib/lib/thumb/v7e-m\libc.a(lib_a-memcpy-stub.o)
 .ARM.attributes
                0x00000592       0x2e C:/NXP/S32DS.3.4/S32DS/build_tools/gcc_v6.3/gcc-6.3-arm32-eabi/arm-none-eabi/newlib/lib/thumb/v7e-m\libc.a(lib_a-mlock.o)
 .ARM.attributes
                0x000005c0       0x2e C:/NXP/S32DS.3.4/S32DS/build_tools/gcc_v6.3/gcc-6.3-arm32-eabi/arm-none-eabi/newlib/lib/thumb/v7e-m\libc.a(lib_a-mprec.o)
 .ARM.attributes
                0x000005ee       0x2e C:/NXP/S32DS.3.4/S32DS/build_tools/gcc_v6.3/gcc-6.3-arm32-eabi/arm-none-eabi/newlib/lib/thumb/v7e-m\libc.a(lib_a-reent.o)
 .ARM.attributes
                0x0000061c       0x2e C:/NXP/S32DS.3.4/S32DS/build_tools/gcc_v6.3/gcc-6.3-arm32-eabi/arm-none-eabi/newlib/lib/thumb/v7e-m\libc.a(lib_a-sbrkr.o)
 .ARM.attributes
                0x0000064a       0x2e C:/NXP/S32DS.3.4/S32DS/build_tools/gcc_v6.3/gcc-6.3-arm32-eabi/arm-none-eabi/newlib/lib/thumb/v7e-m\libc.a(lib_a-svfiprintf.o)
 .ARM.attributes
                0x00000678       0x2e C:/NXP/S32DS.3.4/S32DS/build_tools/gcc_v6.3/gcc-6.3-arm32-eabi/arm-none-eabi/newlib/lib/thumb/v7e-m\libc.a(lib_a-wctomb_r.o)
 .ARM.attributes
                0x000006a6       0x2e C:/NXP/S32DS.3.4/S32DS/build_tools/gcc_v6.3/gcc-6.3-arm32-eabi/arm-none-eabi/newlib/lib/thumb/v7e-m\libc.a(lib_a-atexit.o)
 .ARM.attributes
                0x000006d4       0x2e C:/NXP/S32DS.3.4/S32DS/build_tools/gcc_v6.3/gcc-6.3-arm32-eabi/arm-none-eabi/newlib/lib/thumb/v7e-m\libc.a(lib_a-callocr.o)
 .ARM.attributes
                0x00000702       0x2e C:/NXP/S32DS.3.4/S32DS/build_tools/gcc_v6.3/gcc-6.3-arm32-eabi/arm-none-eabi/newlib/lib/thumb/v7e-m\libc.a(lib_a-ctype_.o)
 .ARM.attributes
                0x00000730       0x2e C:/NXP/S32DS.3.4/S32DS/build_tools/gcc_v6.3/gcc-6.3-arm32-eabi/arm-none-eabi/newlib/lib/thumb/v7e-m\libc.a(lib_a-freer.o)
 .ARM.attributes
                0x0000075e       0x2e C:/NXP/S32DS.3.4/S32DS/build_tools/gcc_v6.3/gcc-6.3-arm32-eabi/arm-none-eabi/newlib/lib/thumb/v7e-m\libc.a(lib_a-memmove.o)
 .ARM.attributes
                0x0000078c       0x2e C:/NXP/S32DS.3.4/S32DS/build_tools/gcc_v6.3/gcc-6.3-arm32-eabi/arm-none-eabi/newlib/lib/thumb/v7e-m\libc.a(lib_a-reallocr.o)
 .ARM.attributes
                0x000007ba       0x2e C:/NXP/S32DS.3.4/S32DS/build_tools/gcc_v6.3/gcc-6.3-arm32-eabi/arm-none-eabi/newlib/lib/thumb/v7e-m\libc.a(lib_a-__atexit.o)
 .ARM.attributes
                0x000007e8       0x1e c:/nxp/s32ds.3.4/s32ds/build_tools/gcc_v6.3/gcc-6.3-arm32-eabi/bin/../lib/gcc/arm-none-eabi/6.3.1/thumb/v7e-m\libgcc.a(_arm_cmpdf2.o)
 .ARM.attributes
                0x00000806       0x1e c:/nxp/s32ds.3.4/s32ds/build_tools/gcc_v6.3/gcc-6.3-arm32-eabi/bin/../lib/gcc/arm-none-eabi/6.3.1/thumb/v7e-m\libgcc.a(_arm_unorddf2.o)
 .ARM.attributes
                0x00000824       0x1e c:/nxp/s32ds.3.4/s32ds/build_tools/gcc_v6.3/gcc-6.3-arm32-eabi/bin/../lib/gcc/arm-none-eabi/6.3.1/thumb/v7e-m\libgcc.a(_arm_fixdfsi.o)
 .ARM.attributes
                0x00000842       0x1e c:/nxp/s32ds.3.4/s32ds/build_tools/gcc_v6.3/gcc-6.3-arm32-eabi/bin/../lib/gcc/arm-none-eabi/6.3.1/thumb/v7e-m\libgcc.a(_aeabi_uldivmod.o)
 .ARM.attributes
                0x00000860       0x2e c:/nxp/s32ds.3.4/s32ds/build_tools/gcc_v6.3/gcc-6.3-arm32-eabi/bin/../lib/gcc/arm-none-eabi/6.3.1/thumb/v7e-m\libgcc.a(_udivmoddi4.o)
 .ARM.attributes
                0x0000088e       0x1e c:/nxp/s32ds.3.4/s32ds/build_tools/gcc_v6.3/gcc-6.3-arm32-eabi/bin/../lib/gcc/arm-none-eabi/6.3.1/thumb/v7e-m\libgcc.a(_dvmd_tls.o)
 .ARM.attributes
                0x000008ac       0x2e C:/NXP/S32DS.3.4/S32DS/build_tools/gcc_v6.3/gcc-6.3-arm32-eabi/arm-none-eabi/newlib/lib/thumb/v7e-m\libnosys.a(sbrk.o)
 .ARM.attributes
                0x000008da       0x2e C:/NXP/S32DS.3.4/S32DS/build_tools/gcc_v6.3/gcc-6.3-arm32-eabi/arm-none-eabi/newlib/lib/thumb/v7e-m\libnosys.a(_exit.o)
 .ARM.attributes
                0x00000908       0x2e c:/nxp/s32ds.3.4/s32ds/build_tools/gcc_v6.3/gcc-6.3-arm32-eabi/bin/../lib/gcc/arm-none-eabi/6.3.1/thumb/v7e-m/crtend.o
 .ARM.attributes
                0x00000936       0x1e c:/nxp/s32ds.3.4/s32ds/build_tools/gcc_v6.3/gcc-6.3-arm32-eabi/bin/../lib/gcc/arm-none-eabi/6.3.1/thumb/v7e-m/crtn.o
                0x00000001                ASSERT ((__StackLimit >= __HeapLimit), region m_data overflowed with stack and heap)

/DISCARD/
 *(.FlashConfig)
OUTPUT(can_project.elf elf32-littlearm)

.comment        0x00000000       0xa0
 .comment       0x00000000       0xa0 c:/nxp/s32ds.3.4/s32ds/build_tools/gcc_v6.3/gcc-6.3-arm32-eabi/bin/../lib/gcc/arm-none-eabi/6.3.1/thumb/v7e-m/crtbegin.o
                                 0xa1 (size before relaxing)
 .comment       0x000000a0       0xa1 ./CAR_dbc/mazda_cx5.o
 .comment       0x000000a0       0xa1 ./Driver/CAN/Can.o
 .comment       0x000000a0       0xa1 ./Driver/CAN/Can_Cfg.o
 .comment       0x000000a0       0xa1 ./Driver/Clock/clocks_and_modes.o
 .comment       0x000000a0       0xa1 ./Driver/LPUART/lpuart.o
 .comment       0x000000a0       0xa1 ./Driver/NVIC/nvic.o
 .comment       0x000000a0       0xa1 ./Driver/PORT/port.o
 .comment       0x000000a0       0xa1 ./Project_Settings/Startup_Code/startup.o
 .comment       0x000000a0       0xa1 ./Project_Settings/Startup_Code/system_S32K144.o
 .comment       0x000000a0       0xa1 ./src/main.o
 .comment       0x000000a0       0xa1 c:/nxp/s32ds.3.4/s32ds/build_tools/gcc_v6.3/gcc-6.3-arm32-eabi/bin/../lib/gcc/arm-none-eabi/6.3.1/thumb/v7e-m/crtend.o

.debug_info     0x00000000     0x7240
 .debug_info    0x00000000     0x111e ./CAR_dbc/mazda_cx5.o
 .debug_info    0x0000111e     0x115b ./Driver/CAN/Can.o
 .debug_info    0x00002279      0xbd6 ./Driver/CAN/Can_Cfg.o
 .debug_info    0x00002e4f      0x260 ./Driver/Clock/clocks_and_modes.o
 .debug_info    0x000030af      0xd2b ./Driver/LPUART/lpuart.o
 .debug_info    0x00003dda      0x53b ./Driver/NVIC/nvic.o
 .debug_info    0x00004315      0x45c ./Driver/PORT/port.o
 .debug_info    0x00004771      0x471 ./Project_Settings/Startup_Code/startup.o
 .debug_info    0x00004be2       0x26 ./Project_Settings/Startup_Code/startup_S32K144.o
 .debug_info    0x00004c08      0x522 ./Project_Settings/Startup_Code/system_S32K144.o
 .debug_info    0x0000512a     0x2116 ./src/main.o

.debug_abbrev   0x00000000     0x100f
 .debug_abbrev  0x00000000      0x245 ./CAR_dbc/mazda_cx5.o
 .debug_abbrev  0x00000245      0x31b ./Driver/CAN/Can.o
 .debug_abbrev  0x00000560      0x1ea ./Driver/CAN/Can_Cfg.o
 .debug_abbrev  0x0000074a       0xae ./Driver/Clock/clocks_and_modes.o
 .debug_abbrev  0x000007f8      0x184 ./Driver/LPUART/lpuart.o
 .debug_abbrev  0x0000097c      0x114 ./Driver/NVIC/nvic.o
 .debug_abbrev  0x00000a90       0xb2 ./Driver/PORT/port.o
 .debug_abbrev  0x00000b42      0x108 ./Project_Settings/Startup_Code/startup.o
 .debug_abbrev  0x00000c4a       0x14 ./Project_Settings/Startup_Code/startup_S32K144.o
 .debug_abbrev  0x00000c5e      0x125 ./Project_Settings/Startup_Code/system_S32K144.o
 .debug_abbrev  0x00000d83      0x28c ./src/main.o

.debug_aranges  0x00000000      0x2d8
 .debug_aranges
                0x00000000       0x30 ./CAR_dbc/mazda_cx5.o
 .debug_aranges
                0x00000030       0xc0 ./Driver/CAN/Can.o
 .debug_aranges
                0x000000f0       0x50 ./Driver/CAN/Can_Cfg.o
 .debug_aranges
                0x00000140       0x30 ./Driver/Clock/clocks_and_modes.o
 .debug_aranges
                0x00000170       0x50 ./Driver/LPUART/lpuart.o
 .debug_aranges
                0x000001c0       0x50 ./Driver/NVIC/nvic.o
 .debug_aranges
                0x00000210       0x20 ./Driver/PORT/port.o
 .debug_aranges
                0x00000230       0x20 ./Project_Settings/Startup_Code/startup.o
 .debug_aranges
                0x00000250       0x20 ./Project_Settings/Startup_Code/startup_S32K144.o
 .debug_aranges
                0x00000270       0x30 ./Project_Settings/Startup_Code/system_S32K144.o
 .debug_aranges
                0x000002a0       0x38 ./src/main.o

.debug_ranges   0x00000000      0x218
 .debug_ranges  0x00000000       0x20 ./CAR_dbc/mazda_cx5.o
 .debug_ranges  0x00000020       0xb0 ./Driver/CAN/Can.o
 .debug_ranges  0x000000d0       0x40 ./Driver/CAN/Can_Cfg.o
 .debug_ranges  0x00000110       0x20 ./Driver/Clock/clocks_and_modes.o
 .debug_ranges  0x00000130       0x40 ./Driver/LPUART/lpuart.o
 .debug_ranges  0x00000170       0x40 ./Driver/NVIC/nvic.o
 .debug_ranges  0x000001b0       0x10 ./Driver/PORT/port.o
 .debug_ranges  0x000001c0       0x10 ./Project_Settings/Startup_Code/startup.o
 .debug_ranges  0x000001d0       0x20 ./Project_Settings/Startup_Code/system_S32K144.o
 .debug_ranges  0x000001f0       0x28 ./src/main.o

.debug_macro    0x00000000    0x20705
 .debug_macro   0x00000000      0x181 ./CAR_dbc/mazda_cx5.o
 .debug_macro   0x00000181       0x9d ./Driver/CAN/Can.o
 .debug_macro   0x0000021e       0x87 ./Driver/CAN/Can.o
 .debug_macro   0x000002a5       0x51 ./Driver/CAN/Can.o
 .debug_macro   0x000002f6       0xc4 ./Driver/CAN/Can.o
 .debug_macro   0x000003ba       0x9d ./Driver/CAN/Can_Cfg.o
 .debug_macro   0x00000457       0x72 ./Driver/Clock/clocks_and_modes.o
 .debug_macro   0x000004c9      0x671 ./Driver/Clock/clocks_and_modes.o
 .debug_macro   0x00000b3a       0x85 ./Driver/LPUART/lpuart.o
 .debug_macro   0x00000bbf       0x7b ./Driver/NVIC/nvic.o
 .debug_macro   0x00000c3a       0x10 ./Driver/NVIC/nvic.o
 .debug_macro   0x00000c4a       0x7b ./Driver/PORT/port.o
 .debug_macro   0x00000cc5       0x40 ./Driver/PORT/port.o
 .debug_macro   0x00000d05       0xb5 ./Project_Settings/Startup_Code/startup.o
 .debug_macro   0x00000dba       0x10 ./Project_Settings/Startup_Code/startup.o
 .debug_macro   0x00000dca       0x7a ./Project_Settings/Startup_Code/startup.o
 .debug_macro   0x00000e44     0xee97 ./Project_Settings/Startup_Code/startup.o
 .debug_macro   0x0000fcdb      0xbbe ./Project_Settings/Startup_Code/startup.o
 .debug_macro   0x00010899       0x40 ./Project_Settings/Startup_Code/startup.o
 .debug_macro   0x000108d9       0xb5 ./Project_Settings/Startup_Code/system_S32K144.o
 .debug_macro   0x0001098e       0x19 ./Project_Settings/Startup_Code/system_S32K144.o
 .debug_macro   0x000109a7     0xee82 ./Project_Settings/Startup_Code/system_S32K144.o
 .debug_macro   0x0001f829       0x28 ./Project_Settings/Startup_Code/system_S32K144.o
 .debug_macro   0x0001f851      0x25a ./src/main.o
 .debug_macro   0x0001faab      0x677 ./src/main.o
 .debug_macro   0x00020122       0x46 ./src/main.o
 .debug_macro   0x00020168       0x52 ./src/main.o
 .debug_macro   0x000201ba       0x16 ./src/main.o
 .debug_macro   0x000201d0       0x97 ./src/main.o
 .debug_macro   0x00020267       0xfd ./src/main.o
 .debug_macro   0x00020364       0x10 ./src/main.o
 .debug_macro   0x00020374       0x10 ./src/main.o
 .debug_macro   0x00020384       0x1c ./src/main.o
 .debug_macro   0x000203a0       0x52 ./src/main.o
 .debug_macro   0x000203f2       0x40 ./src/main.o
 .debug_macro   0x00020432       0x10 ./src/main.o
 .debug_macro   0x00020442       0x40 ./src/main.o
 .debug_macro   0x00020482       0xd7 ./src/main.o
 .debug_macro   0x00020559       0x16 ./src/main.o
 .debug_macro   0x0002056f      0x161 ./src/main.o
 .debug_macro   0x000206d0       0x35 ./src/main.o

.debug_line     0x00000000     0x248f
 .debug_line    0x00000000      0x463 ./CAR_dbc/mazda_cx5.o
 .debug_line    0x00000463      0x52d ./Driver/CAN/Can.o
 .debug_line    0x00000990      0x398 ./Driver/CAN/Can_Cfg.o
 .debug_line    0x00000d28      0x297 ./Driver/Clock/clocks_and_modes.o
 .debug_line    0x00000fbf      0x315 ./Driver/LPUART/lpuart.o
 .debug_line    0x000012d4      0x2a2 ./Driver/NVIC/nvic.o
 .debug_line    0x00001576      0x26e ./Driver/PORT/port.o
 .debug_line    0x000017e4      0x316 ./Project_Settings/Startup_Code/startup.o
 .debug_line    0x00001afa       0x84 ./Project_Settings/Startup_Code/startup_S32K144.o
 .debug_line    0x00001b7e      0x333 ./Project_Settings/Startup_Code/system_S32K144.o
 .debug_line    0x00001eb1      0x5de ./src/main.o

.debug_str      0x00000000    0x70449
 .debug_str     0x00000000     0x7712 ./CAR_dbc/mazda_cx5.o
                               0x79b3 (size before relaxing)
 .debug_str     0x00007712      0xf12 ./Driver/CAN/Can.o
                               0x5171 (size before relaxing)
 .debug_str     0x00008624      0x15f ./Driver/CAN/Can_Cfg.o
                               0x4808 (size before relaxing)
 .debug_str     0x00008783     0x2e54 ./Driver/Clock/clocks_and_modes.o
                               0x63c6 (size before relaxing)
 .debug_str     0x0000b5d7      0x62d ./Driver/LPUART/lpuart.o
                               0x3d3a (size before relaxing)
 .debug_str     0x0000bc04      0x688 ./Driver/NVIC/nvic.o
                               0x3cdb (size before relaxing)
 .debug_str     0x0000c28c      0x16d ./Driver/PORT/port.o
                               0x392c (size before relaxing)
 .debug_str     0x0000c3f9    0x62d3a ./Project_Settings/Startup_Code/startup.o
                              0x69747 (size before relaxing)
 .debug_str     0x0006f133       0x3f ./Project_Settings/Startup_Code/startup_S32K144.o
                                 0x74 (size before relaxing)
 .debug_str     0x0006f172      0x159 ./Project_Settings/Startup_Code/system_S32K144.o
                              0x69520 (size before relaxing)
 .debug_str     0x0006f2cb     0x117e ./src/main.o
                               0xc858 (size before relaxing)

.debug_frame    0x00000000     0x1434
 .debug_frame   0x00000000       0x80 ./CAR_dbc/mazda_cx5.o
 .debug_frame   0x00000080      0x340 ./Driver/CAN/Can.o
 .debug_frame   0x000003c0      0x128 ./Driver/CAN/Can_Cfg.o
 .debug_frame   0x000004e8       0x70 ./Driver/Clock/clocks_and_modes.o
 .debug_frame   0x00000558      0x110 ./Driver/LPUART/lpuart.o
 .debug_frame   0x00000668      0x12c ./Driver/NVIC/nvic.o
 .debug_frame   0x00000794       0x30 ./Driver/PORT/port.o
 .debug_frame   0x000007c4       0x38 ./Project_Settings/Startup_Code/startup.o
 .debug_frame   0x000007fc       0x80 ./Project_Settings/Startup_Code/system_S32K144.o
 .debug_frame   0x0000087c       0xa0 ./src/main.o
 .debug_frame   0x0000091c       0xac c:/nxp/s32ds.3.4/s32ds/build_tools/gcc_v6.3/gcc-6.3-arm32-eabi/bin/../lib/gcc/arm-none-eabi/6.3.1/thumb/v7e-m\libgcc.a(_arm_addsubdf3.o)
 .debug_frame   0x000009c8       0x50 c:/nxp/s32ds.3.4/s32ds/build_tools/gcc_v6.3/gcc-6.3-arm32-eabi/bin/../lib/gcc/arm-none-eabi/6.3.1/thumb/v7e-m\libgcc.a(_arm_muldivdf3.o)
 .debug_frame   0x00000a18       0x24 c:/nxp/s32ds.3.4/s32ds/build_tools/gcc_v6.3/gcc-6.3-arm32-eabi/bin/../lib/gcc/arm-none-eabi/6.3.1/thumb/v7e-m\libgcc.a(_arm_truncdfsf2.o)
 .debug_frame   0x00000a3c       0x28 C:/NXP/S32DS.3.4/S32DS/build_tools/gcc_v6.3/gcc-6.3-arm32-eabi/arm-none-eabi/newlib/lib/thumb/v7e-m\libc.a(lib_a-exit.o)
 .debug_frame   0x00000a64       0x2c C:/NXP/S32DS.3.4/S32DS/build_tools/gcc_v6.3/gcc-6.3-arm32-eabi/arm-none-eabi/newlib/lib/thumb/v7e-m\libc.a(lib_a-init.o)
 .debug_frame   0x00000a90       0x20 C:/NXP/S32DS.3.4/S32DS/build_tools/gcc_v6.3/gcc-6.3-arm32-eabi/arm-none-eabi/newlib/lib/thumb/v7e-m\libc.a(lib_a-memset.o)
 .debug_frame   0x00000ab0       0x70 C:/NXP/S32DS.3.4/S32DS/build_tools/gcc_v6.3/gcc-6.3-arm32-eabi/arm-none-eabi/newlib/lib/thumb/v7e-m\libc.a(lib_a-sprintf.o)
 .debug_frame   0x00000b20       0x40 C:/NXP/S32DS.3.4/S32DS/build_tools/gcc_v6.3/gcc-6.3-arm32-eabi/arm-none-eabi/newlib/lib/thumb/v7e-m\libc.a(lib_a-svfprintf.o)
 .debug_frame   0x00000b60       0x4c C:/NXP/S32DS.3.4/S32DS/build_tools/gcc_v6.3/gcc-6.3-arm32-eabi/arm-none-eabi/newlib/lib/thumb/v7e-m\libc.a(lib_a-__call_atexit.o)
 .debug_frame   0x00000bac       0x6c C:/NXP/S32DS.3.4/S32DS/build_tools/gcc_v6.3/gcc-6.3-arm32-eabi/arm-none-eabi/newlib/lib/thumb/v7e-m\libc.a(lib_a-dtoa.o)
 .debug_frame   0x00000c18       0x38 C:/NXP/S32DS.3.4/S32DS/build_tools/gcc_v6.3/gcc-6.3-arm32-eabi/arm-none-eabi/newlib/lib/thumb/v7e-m\libc.a(lib_a-fini.o)
 .debug_frame   0x00000c50       0x40 C:/NXP/S32DS.3.4/S32DS/build_tools/gcc_v6.3/gcc-6.3-arm32-eabi/arm-none-eabi/newlib/lib/thumb/v7e-m\libc.a(lib_a-localeconv.o)
 .debug_frame   0x00000c90       0x68 C:/NXP/S32DS.3.4/S32DS/build_tools/gcc_v6.3/gcc-6.3-arm32-eabi/arm-none-eabi/newlib/lib/thumb/v7e-m\libc.a(lib_a-locale.o)
 .debug_frame   0x00000cf8       0x40 C:/NXP/S32DS.3.4/S32DS/build_tools/gcc_v6.3/gcc-6.3-arm32-eabi/arm-none-eabi/newlib/lib/thumb/v7e-m\libc.a(lib_a-mallocr.o)
 .debug_frame   0x00000d38       0x48 C:/NXP/S32DS.3.4/S32DS/build_tools/gcc_v6.3/gcc-6.3-arm32-eabi/arm-none-eabi/newlib/lib/thumb/v7e-m\libc.a(lib_a-mbtowc_r.o)
 .debug_frame   0x00000d80       0x28 C:/NXP/S32DS.3.4/S32DS/build_tools/gcc_v6.3/gcc-6.3-arm32-eabi/arm-none-eabi/newlib/lib/thumb/v7e-m\libc.a(lib_a-memcpy-stub.o)
 .debug_frame   0x00000da8       0x30 C:/NXP/S32DS.3.4/S32DS/build_tools/gcc_v6.3/gcc-6.3-arm32-eabi/arm-none-eabi/newlib/lib/thumb/v7e-m\libc.a(lib_a-mlock.o)
 .debug_frame   0x00000dd8      0x238 C:/NXP/S32DS.3.4/S32DS/build_tools/gcc_v6.3/gcc-6.3-arm32-eabi/arm-none-eabi/newlib/lib/thumb/v7e-m\libc.a(lib_a-mprec.o)
 .debug_frame   0x00001010       0x5c C:/NXP/S32DS.3.4/S32DS/build_tools/gcc_v6.3/gcc-6.3-arm32-eabi/arm-none-eabi/newlib/lib/thumb/v7e-m\libc.a(lib_a-reent.o)
 .debug_frame   0x0000106c       0x2c C:/NXP/S32DS.3.4/S32DS/build_tools/gcc_v6.3/gcc-6.3-arm32-eabi/arm-none-eabi/newlib/lib/thumb/v7e-m\libc.a(lib_a-sbrkr.o)
 .debug_frame   0x00001098       0x6c C:/NXP/S32DS.3.4/S32DS/build_tools/gcc_v6.3/gcc-6.3-arm32-eabi/arm-none-eabi/newlib/lib/thumb/v7e-m\libc.a(lib_a-svfiprintf.o)
 .debug_frame   0x00001104       0x3c C:/NXP/S32DS.3.4/S32DS/build_tools/gcc_v6.3/gcc-6.3-arm32-eabi/arm-none-eabi/newlib/lib/thumb/v7e-m\libc.a(lib_a-wctomb_r.o)
 .debug_frame   0x00001140       0x20 C:/NXP/S32DS.3.4/S32DS/build_tools/gcc_v6.3/gcc-6.3-arm32-eabi/arm-none-eabi/newlib/lib/thumb/v7e-m\libc.a(lib_a-atexit.o)
 .debug_frame   0x00001160       0x28 C:/NXP/S32DS.3.4/S32DS/build_tools/gcc_v6.3/gcc-6.3-arm32-eabi/arm-none-eabi/newlib/lib/thumb/v7e-m\libc.a(lib_a-callocr.o)
 .debug_frame   0x00001188       0x5c C:/NXP/S32DS.3.4/S32DS/build_tools/gcc_v6.3/gcc-6.3-arm32-eabi/arm-none-eabi/newlib/lib/thumb/v7e-m\libc.a(lib_a-freer.o)
 .debug_frame   0x000011e4       0x28 C:/NXP/S32DS.3.4/S32DS/build_tools/gcc_v6.3/gcc-6.3-arm32-eabi/arm-none-eabi/newlib/lib/thumb/v7e-m\libc.a(lib_a-memmove.o)
 .debug_frame   0x0000120c       0x50 C:/NXP/S32DS.3.4/S32DS/build_tools/gcc_v6.3/gcc-6.3-arm32-eabi/arm-none-eabi/newlib/lib/thumb/v7e-m\libc.a(lib_a-reallocr.o)
 .debug_frame   0x0000125c       0x30 C:/NXP/S32DS.3.4/S32DS/build_tools/gcc_v6.3/gcc-6.3-arm32-eabi/arm-none-eabi/newlib/lib/thumb/v7e-m\libc.a(lib_a-__atexit.o)
 .debug_frame   0x0000128c       0xc4 c:/nxp/s32ds.3.4/s32ds/build_tools/gcc_v6.3/gcc-6.3-arm32-eabi/bin/../lib/gcc/arm-none-eabi/6.3.1/thumb/v7e-m\libgcc.a(_arm_cmpdf2.o)
 .debug_frame   0x00001350       0x20 c:/nxp/s32ds.3.4/s32ds/build_tools/gcc_v6.3/gcc-6.3-arm32-eabi/bin/../lib/gcc/arm-none-eabi/6.3.1/thumb/v7e-m\libgcc.a(_arm_unorddf2.o)
 .debug_frame   0x00001370       0x24 c:/nxp/s32ds.3.4/s32ds/build_tools/gcc_v6.3/gcc-6.3-arm32-eabi/bin/../lib/gcc/arm-none-eabi/6.3.1/thumb/v7e-m\libgcc.a(_arm_fixdfsi.o)
 .debug_frame   0x00001394       0x2c c:/nxp/s32ds.3.4/s32ds/build_tools/gcc_v6.3/gcc-6.3-arm32-eabi/bin/../lib/gcc/arm-none-eabi/6.3.1/thumb/v7e-m\libgcc.a(_aeabi_uldivmod.o)
 .debug_frame   0x000013c0       0x34 c:/nxp/s32ds.3.4/s32ds/build_tools/gcc_v6.3/gcc-6.3-arm32-eabi/bin/../lib/gcc/arm-none-eabi/6.3.1/thumb/v7e-m\libgcc.a(_udivmoddi4.o)
 .debug_frame   0x000013f4       0x20 C:/NXP/S32DS.3.4/S32DS/build_tools/gcc_v6.3/gcc-6.3-arm32-eabi/arm-none-eabi/newlib/lib/thumb/v7e-m\libnosys.a(sbrk.o)
 .debug_frame   0x00001414       0x20 C:/NXP/S32DS.3.4/S32DS/build_tools/gcc_v6.3/gcc-6.3-arm32-eabi/arm-none-eabi/newlib/lib/thumb/v7e-m\libnosys.a(_exit.o)

.stabstr        0x00000000       0xdf
 .stabstr       0x00000000       0xdf C:/NXP/S32DS.3.4/S32DS/build_tools/gcc_v6.3/gcc-6.3-arm32-eabi/arm-none-eabi/newlib/lib/thumb/v7e-m\libnosys.a(close.o)
